// Jest Snapshot v1, https://goo.gl/fbAQLP

exports[`<CartCard /> renders correctly 1`] = `
<View
  accessibilityState={
    {
      "busy": undefined,
      "checked": undefined,
      "disabled": undefined,
      "expanded": undefined,
      "selected": undefined,
    }
  }
  accessibilityValue={
    {
      "max": undefined,
      "min": undefined,
      "now": undefined,
      "text": undefined,
    }
  }
  accessible={true}
  collapsable={false}
  focusable={true}
  onBlur={[Function]}
  onClick={[Function]}
  onFocus={[Function]}
  onResponderGrant={[Function]}
  onResponderMove={[Function]}
  onResponderRelease={[Function]}
  onResponderTerminate={[Function]}
  onResponderTerminationRequest={[Function]}
  onStartShouldSetResponder={[Function]}
  style={
    [
      {
        "width": "50%",
      },
      {
        "flexBasis": "0%",
        "flexGrow": 1,
        "flexShrink": 1,
      },
      {
        "marginLeft": 4,
        "marginRight": 4,
      },
      {
        "paddingBottom": 8,
        "paddingLeft": 8,
        "paddingRight": 8,
        "paddingTop": 8,
      },
      {
        "borderBottomLeftRadius": 16,
        "borderBottomRightRadius": 16,
        "borderTopLeftRadius": 16,
        "borderTopRightRadius": 16,
      },
      {
        "backgroundColor": "white",
        "shadowColor": "grey",
        "shadowOffset": {
          "height": 2,
          "width": 2,
        },
        "shadowOpacity": 1,
      },
    ]
  }
  testID="cart-card-pressable"
>
  <Image
    source={
      {
        "uri": "",
      }
    }
    style={
      [
        {
          "alignSelf": "center",
        },
        {
          "height": 128,
        },
        {
          "width": 128,
        },
        {
          "marginBottom": 8,
          "marginTop": 8,
        },
      ]
    }
    testID="cart-card-image"
  />
  <View
    style={
      [
        {
          "marginBottom": 4,
          "marginLeft": 4,
          "marginRight": 4,
          "marginTop": 4,
        },
        {
          "alignItems": "center",
          "flexDirection": "row",
          "justifyContent": "space-evenly",
          "marginVertical": 80,
        },
      ]
    }
  >
    <Text
      style={
        [
          {
            "fontStyle": "italic",
          },
          {
            "fontWeight": "600",
          },
          {
            "color": "black",
          },
        ]
      }
    >
      Test Brand
    </Text>
    <Text
      style={
        [
          {
            "fontStyle": "italic",
          },
          {
            "fontSize": 20,
            "lineHeight": 28,
          },
          {
            "color": "black",
          },
        ]
      }
    >
      Test Item
    </Text>
    <Text
      style={
        [
          {
            "fontWeight": "600",
          },
          {
            "color": "black",
          },
        ]
      }
    >
      $
      9.99
    </Text>
  </View>
  <View
    accessibilityState={
      {
        "busy": undefined,
        "checked": undefined,
        "disabled": undefined,
        "expanded": undefined,
        "selected": undefined,
      }
    }
    accessibilityValue={
      {
        "max": undefined,
        "min": undefined,
        "now": undefined,
        "text": undefined,
      }
    }
    accessible={true}
    collapsable={false}
    focusable={true}
    onBlur={[Function]}
    onClick={[Function]}
    onFocus={[Function]}
    onResponderGrant={[Function]}
    onResponderMove={[Function]}
    onResponderRelease={[Function]}
    onResponderTerminate={[Function]}
    onResponderTerminationRequest={[Function]}
    onStartShouldSetResponder={[Function]}
    style={
      {
        "alignItems": "center",
        "borderColor": "blue",
        "borderTopWidth": 3,
        "padding": 10,
      }
    }
  >
    <Text
      style={
        {
          "color": "black",
          "fontWeight": "bold",
        }
      }
    >
      Remove
    </Text>
  </View>
</View>
`;
